[2026-09-16 18:38:24] Sprawdzam: https://www.otomoto.pl/oferta/przyklad-id123.html
[2026-09-16 18:38:24] Sprawdzam: https://www.olx.pl/oferta/przyklad-id456.html
[2026-09-16 18:38:25] Gotowe. Zapisano 2 ofert do tracker.xlsx i index.html
[2026-09-16 18:42:52] Sprawdzam: https://www.otomoto.pl/osobowe/oferta/volkswagen-scirocco-ID6IeDKy.html
[2026-09-16 18:42:53] Sprawdzam: https://www.facebook.com/marketplace/item/1796935198334162
[2026-09-16 18:42:53] Gotowe. Zapisano 2 ofert do tracker.xlsx i index.html
[2026-09-16 18:43:33] Sprawdzam: https://www.otomoto.pl/osobowe/oferta/volkswagen-scirocco-ID6IeDKy.html
[2026-09-16 18:43:34] Sprawdzam: https://www.facebook.com/marketplace/item/1796935198334162
[2026-09-16 18:43:34] Gotowe. Zapisano 2 ofert do tracker.xlsx i index.html
[2026-09-16 18:43:56] Sprawdzam: https://www.otomoto.pl/osobowe/oferta/volkswagen-scirocco-ID6IeDKy.html
[2026-09-16 18:43:57] Sprawdzam: https://www.facebook.com/marketplace/item/1796935198334162
[2026-09-16 18:43:57] Gotowe. Zapisano 2 ofert do tracker.xlsx i index.html
[2026-09-16 19:02:58] Sprawdzam: https://www.otomoto.pl/osobowe/oferta/volkswagen-scirocco-ID6IeDKy.html
[2026-09-16 19:02:59] Sprawdzam: https://www.facebook.com/marketplace/item/1796935198334162
[2026-09-16 19:03:00] Gotowe. Zapisano 2 ofert do tracker.xlsx i index.html
[2026-09-16 20:03:31] Sprawdzam: https://www.otomoto.pl/osobowe/oferta/volkswagen-scirocco-ID6IeDKy.html
[2026-09-16 20:03:32] Sprawdzam: https://www.facebook.com/marketplace/item/1796935198334162
[2026-09-16 20:03:32] Gotowe. Zapisano 2 ofert do tracker.xlsx i index.html
[2026-09-16 21:03:19] Sprawdzam: https://www.otomoto.pl/osobowe/oferta/volkswagen-scirocco-ID6IeDKy.html
[2026-09-16 21:03:20] Sprawdzam: https://www.facebook.com/marketplace/item/1796935198334162
[2026-09-16 21:03:20] Gotowe. Zapisano 2 ofert do tracker.xlsx i index.html
[2026-09-16 22:03:04] Sprawdzam: https://www.otomoto.pl/osobowe/oferta/volkswagen-scirocco-ID6IeDKy.html
[2026-09-16 22:03:06] Sprawdzam: https://www.facebook.com/marketplace/item/1796935198334162
[2026-09-16 22:03:06] Gotowe. Zapisano 2 ofert do tracker.xlsx i index.html
